../Core/Src/main.c:107:5:main	56	static,ignoring_inline_asm
../Core/Src/main.c:205:6:SystemClock_Config	88	static
../Core/Src/main.c:253:13:MX_CRC_Init	8	static
../Core/Src/main.c:279:13:MX_TIM1_Init	32	static
../Core/Src/main.c:325:13:MX_TIM2_Init	32	static
../Core/Src/main.c:373:13:MX_TIM3_Init	32	static
../Core/Src/main.c:421:13:MX_TIM4_Init	32	static
../Core/Src/main.c:469:13:MX_USART2_UART_Init	8	static
../Core/Src/main.c:502:13:MX_USART3_UART_Init	8	static
../Core/Src/main.c:535:13:MX_GPIO_Init	48	static
../Core/Src/main.c:581:6:SoftwareTimer_Callback	16	static
../Core/Src/main.c:594:6:HAL_TIM_PeriodElapsedCallback	16	static
../Core/Src/main.c:611:6:Error_Handler	4	static,ignoring_inline_asm
